// Jest Snapshot v1, https://goo.gl/fbAQLP

exports[`React i18next getCoverage 1`] = `
Object {
  "emptyKeys": Array [],
  "locale": "en",
  "missing": 0,
  "missingKeys": Array [],
  "total": 6,
  "totalKeys": Array [
    "pages.home.title",
    "translation.description.part1",
    "translation.description.part2",
    "translation.foo.bar",
    "translation.title",
    "translation.titlew",
  ],
  "translated": 6,
  "translatedKeys": Array [
    "pages.home.title",
    "translation.description.part1",
    "translation.description.part2",
    "translation.foo.bar",
    "translation.title",
    "translation.titlew",
  ],
}
`;
